  姝ｅ湪纭畾瑕佽繕鍘熺殑椤圭洰鈥?
  宸茶繕鍘?D:\Halcon鏌ヨ\Halcon鏌ヨ\Halcon鏌ヨ.csproj (鐢ㄦ椂 182 姣)銆?
D:\Halcon鏌ヨ\Halcon鏌ヨ\PdfViewControl.xaml.cs(17,7): warning CS0105: 鈥淪ystem.IO鈥濈殑 using 鎸囦护浠ュ墠鍦ㄦ鍛藉悕绌洪棿涓嚭鐜拌繃 [D:\Halcon鏌ヨ\Halcon鏌ヨ\Halcon鏌ヨ.csproj]
D:\Halcon鏌ヨ\Halcon鏌ヨ\CommandBaseClass\CommandsClass.cs(15,21): warning CS8767: 鈥渂ool CommandsBaseClass.CanExecute(object parameter)鈥濈殑鍙傛暟鈥減arameter鈥濈被鍨嬩腑寮曠敤绫诲瀷鐨勪负 Null 鎬т笌闅愬紡瀹炵幇鐨勬垚鍛樷€渂ool ICommand.CanExecute(object? parameter)鈥濅笉鍖归厤(鍙兘鏄敱浜庝负 Null 鎬х壒鎬?銆?[D:\Halcon鏌ヨ\Halcon鏌ヨ\Halcon鏌ヨ.csproj]
D:\Halcon鏌ヨ\Halcon鏌ヨ\CommandBaseClass\CommandsClass.cs(22,21): warning CS8767: 鈥渧oid CommandsBaseClass.Execute(object parameter)鈥濈殑鍙傛暟鈥減arameter鈥濈被鍨嬩腑寮曠敤绫诲瀷鐨勪负 Null 鎬т笌闅愬紡瀹炵幇鐨勬垚鍛樷€渧oid ICommand.Execute(object? parameter)鈥濅笉鍖归厤(鍙兘鏄敱浜庝负 Null 鎬х壒鎬?銆?[D:\Halcon鏌ヨ\Halcon鏌ヨ\Halcon鏌ヨ.csproj]
D:\Halcon鏌ヨ\Halcon鏌ヨ\CommandBaseClass\CommandsClass.cs(13,35): warning CS8612: 鈥渆vent EventHandler CommandsBaseClass.CanExecuteChanged鈥濈殑绫诲瀷涓紩鐢ㄧ被鍨嬬殑涓?Null 鎬т笌闅愬紡瀹炵幇鐨勬垚鍛樷€渆vent EventHandler? ICommand.CanExecuteChanged鈥濅笉鍖归厤銆?[D:\Halcon鏌ヨ\Halcon鏌ヨ\Halcon鏌ヨ.csproj]
D:\Halcon鏌ヨ\Halcon鏌ヨ\CommandBaseClass\NotifyPropretyObject.cs(12,50): warning CS8612: 鈥渆vent PropertyChangedEventHandler NotifyPropretyObject.PropertyChanged鈥濈殑绫诲瀷涓紩鐢ㄧ被鍨嬬殑涓?Null 鎬т笌闅愬紡瀹炵幇鐨勬垚鍛樷€渆vent PropertyChangedEventHandler? INotifyPropertyChanged.PropertyChanged鈥濅笉鍖归厤銆?[D:\Halcon鏌ヨ\Halcon鏌ヨ\Halcon鏌ヨ.csproj]
D:\Halcon鏌ヨ\Halcon鏌ヨ\CommandBaseClass\MessageBus.cs(19,55): warning CS8618: 鍦ㄩ€€鍑烘瀯閫犲嚱鏁版椂锛屼笉鍙负 null 鐨?浜嬩欢 "MessageBusEvent" 蹇呴』鍖呭惈闈?null 鍊笺€傝鑰冭檻娣诲姞 "required" 淇グ绗︽垨灏嗚 浜嬩欢 澹版槑涓哄彲涓?null銆?[D:\Halcon鏌ヨ\Halcon鏌ヨ\Halcon鏌ヨ.csproj]
D:\Halcon鏌ヨ\Halcon鏌ヨ\App.xaml.cs(21,56): warning CS8622: 鈥淎ssembly App.CurrentDomain_AssemblyResolve(object sender, ResolveEventArgs args)鈥濈殑鍙傛暟鈥渟ender鈥濈被鍨嬩腑寮曠敤绫诲瀷鐨勪负 Null 鎬т笌鐩爣濮旀墭鈥淩esolveEventHandler鈥濅笉鍖归厤(鍙兘鏄敱浜庝负 Null 鎬х壒鎬?銆?[D:\Halcon鏌ヨ\Halcon鏌ヨ\Halcon鏌ヨ.csproj]
D:\Halcon鏌ヨ\Halcon鏌ヨ\CommandBaseClass\MessageBus.cs(12,23): warning CS8618: 鍦ㄩ€€鍑烘瀯閫犲嚱鏁版椂锛屼笉鍙负 null 鐨?瀛楁 "ReceiveType" 蹇呴』鍖呭惈闈?null 鍊笺€傝鑰冭檻娣诲姞 "required" 淇グ绗︽垨灏嗚 瀛楁 澹版槑涓哄彲涓?null銆?[D:\Halcon鏌ヨ\Halcon鏌ヨ\Halcon鏌ヨ.csproj]
D:\Halcon鏌ヨ\Halcon鏌ヨ\CommandBaseClass\MessageBus.cs(13,23): warning CS8618: 鍦ㄩ€€鍑烘瀯閫犲嚱鏁版椂锛屼笉鍙负 null 鐨?瀛楁 "ReceiveOBJ" 蹇呴』鍖呭惈闈?null 鍊笺€傝鑰冭檻娣诲姞 "required" 淇グ绗︽垨灏嗚 瀛楁 澹版槑涓哄彲涓?null銆?[D:\Halcon鏌ヨ\Halcon鏌ヨ\Halcon鏌ヨ.csproj]
D:\Halcon鏌ヨ\Halcon鏌ヨ\CommandBaseClass\MessageBus.cs(14,23): warning CS8618: 鍦ㄩ€€鍑烘瀯閫犲嚱鏁版椂锛屼笉鍙负 null 鐨?瀛楁 "ReceiveOBJ2" 蹇呴』鍖呭惈闈?null 鍊笺€傝鑰冭檻娣诲姞 "required" 淇グ绗︽垨灏嗚 瀛楁 澹版槑涓哄彲涓?null銆?[D:\Halcon鏌ヨ\Halcon鏌ヨ\Halcon鏌ヨ.csproj]
D:\Halcon鏌ヨ\Halcon鏌ヨ\CommandBaseClass\MessageBus.cs(15,23): warning CS8618: 鍦ㄩ€€鍑烘瀯閫犲嚱鏁版椂锛屼笉鍙负 null 鐨?瀛楁 "ReceiveOBJ3" 蹇呴』鍖呭惈闈?null 鍊笺€傝鑰冭檻娣诲姞 "required" 淇グ绗︽垨灏嗚 瀛楁 澹版槑涓哄彲涓?null銆?[D:\Halcon鏌ヨ\Halcon鏌ヨ\Halcon鏌ヨ.csproj]
D:\Halcon鏌ヨ\Halcon鏌ヨ\MessageBus.cs(12,23): warning CS8618: 鍦ㄩ€€鍑烘瀯閫犲嚱鏁版椂锛屼笉鍙负 null 鐨?瀛楁 "ReceiveType" 蹇呴』鍖呭惈闈?null 鍊笺€傝鑰冭檻娣诲姞 "required" 淇グ绗︽垨灏嗚 瀛楁 澹版槑涓哄彲涓?null銆?[D:\Halcon鏌ヨ\Halcon鏌ヨ\Halcon鏌ヨ.csproj]
D:\Halcon鏌ヨ\Halcon鏌ヨ\MessageBus.cs(13,23): warning CS8618: 鍦ㄩ€€鍑烘瀯閫犲嚱鏁版椂锛屼笉鍙负 null 鐨?瀛楁 "ReceiveOBJ" 蹇呴』鍖呭惈闈?null 鍊笺€傝鑰冭檻娣诲姞 "required" 淇グ绗︽垨灏嗚 瀛楁 澹版槑涓哄彲涓?null銆?[D:\Halcon鏌ヨ\Halcon鏌ヨ\Halcon鏌ヨ.csproj]
D:\Halcon鏌ヨ\Halcon鏌ヨ\MessageBus.cs(14,23): warning CS8618: 鍦ㄩ€€鍑烘瀯閫犲嚱鏁版椂锛屼笉鍙负 null 鐨?瀛楁 "ReceiveOBJ2" 蹇呴』鍖呭惈闈?null 鍊笺€傝鑰冭檻娣诲姞 "required" 淇グ绗︽垨灏嗚 瀛楁 澹版槑涓哄彲涓?null銆?[D:\Halcon鏌ヨ\Halcon鏌ヨ\Halcon鏌ヨ.csproj]
D:\Halcon鏌ヨ\Halcon鏌ヨ\MessageBus.cs(15,23): warning CS8618: 鍦ㄩ€€鍑烘瀯閫犲嚱鏁版椂锛屼笉鍙负 null 鐨?瀛楁 "ReceiveOBJ3" 蹇呴』鍖呭惈闈?null 鍊笺€傝鑰冭檻娣诲姞 "required" 淇グ绗︽垨灏嗚 瀛楁 澹版槑涓哄彲涓?null銆?[D:\Halcon鏌ヨ\Halcon鏌ヨ\Halcon鏌ヨ.csproj]
D:\Halcon鏌ヨ\Halcon鏌ヨ\MessageBus.cs(19,55): warning CS8618: 鍦ㄩ€€鍑烘瀯閫犲嚱鏁版椂锛屼笉鍙负 null 鐨?浜嬩欢 "MessageBusEvent" 蹇呴』鍖呭惈闈?null 鍊笺€傝鑰冭檻娣诲姞 "required" 淇グ绗︽垨灏嗚 浜嬩欢 澹版槑涓哄彲涓?null銆?[D:\Halcon鏌ヨ\Halcon鏌ヨ\Halcon鏌ヨ.csproj]
D:\Halcon鏌ヨ\Halcon鏌ヨ\CommandBaseClass\NotifyPropretyObject.cs(12,50): warning CS8618: 鍦ㄩ€€鍑烘瀯閫犲嚱鏁版椂锛屼笉鍙负 null 鐨?浜嬩欢 "PropertyChanged" 蹇呴』鍖呭惈闈?null 鍊笺€傝鑰冭檻娣诲姞 "required" 淇グ绗︽垨灏嗚 浜嬩欢 澹版槑涓哄彲涓?null銆?[D:\Halcon鏌ヨ\Halcon鏌ヨ\Halcon鏌ヨ.csproj]
D:\Halcon鏌ヨ\Halcon鏌ヨ\App.xaml.cs(33,36): warning CS8600: 灏?null 鏂囨湰鎴栧彲鑳界殑 null 鍊艰浆鎹负涓嶅彲涓?null 绫诲瀷銆?[D:\Halcon鏌ヨ\Halcon鏌ヨ\Halcon鏌ヨ.csproj]
D:\Halcon鏌ヨ\Halcon鏌ヨ\App.xaml.cs(35,44): warning CS8603: 鍙兘杩斿洖 null 寮曠敤銆?[D:\Halcon鏌ヨ\Halcon鏌ヨ\Halcon鏌ヨ.csproj]
D:\Halcon鏌ヨ\Halcon鏌ヨ\App.xaml.cs(44,13): warning CS0162: 妫€娴嬪埌鏃犳硶璁块棶鐨勪唬鐮?[D:\Halcon鏌ヨ\Halcon鏌ヨ\Halcon鏌ヨ.csproj]
D:\Halcon鏌ヨ\Halcon鏌ヨ\ShareDataModel.cs(33,22): warning CS8618: 鍦ㄩ€€鍑烘瀯閫犲嚱鏁版椂锛屼笉鍙负 null 鐨?瀛楁 "_seletpage" 蹇呴』鍖呭惈闈?null 鍊笺€傝鑰冭檻娣诲姞 "required" 淇グ绗︽垨灏嗚 瀛楁 澹版槑涓哄彲涓?null銆?[D:\Halcon鏌ヨ\Halcon鏌ヨ\Halcon鏌ヨ.csproj]
D:\Halcon鏌ヨ\Halcon鏌ヨ\ShareDataModel.cs(44,24): warning CS8618: 鍦ㄩ€€鍑烘瀯閫犲嚱鏁版椂锛屼笉鍙负 null 鐨?瀛楁 "_HtmlContent" 蹇呴』鍖呭惈闈?null 鍊笺€傝鑰冭檻娣诲姞 "required" 淇グ绗︽垨灏嗚 瀛楁 澹版槑涓哄彲涓?null銆?[D:\Halcon鏌ヨ\Halcon鏌ヨ\Halcon鏌ヨ.csproj]
D:\Halcon鏌ヨ\Halcon鏌ヨ\SearchViewModel.cs(85,16): warning CS8618: 鍦ㄩ€€鍑烘瀯閫犲嚱鏁版椂锛屼笉鍙负 null 鐨?瀛楁 "_FuncName" 蹇呴』鍖呭惈闈?null 鍊笺€傝鑰冭檻娣诲姞 "required" 淇グ绗︽垨灏嗚 瀛楁 澹版槑涓哄彲涓?null銆?[D:\Halcon鏌ヨ\Halcon鏌ヨ\Halcon鏌ヨ.csproj]
D:\Halcon鏌ヨ\Halcon鏌ヨ\SearchViewModel.cs(85,16): warning CS8618: 鍦ㄩ€€鍑烘瀯閫犲嚱鏁版椂锛屼笉鍙负 null 鐨?瀛楁 "_FuncCapacity" 蹇呴』鍖呭惈闈?null 鍊笺€傝鑰冭檻娣诲姞 "required" 淇グ绗︽垨灏嗚 瀛楁 澹版槑涓哄彲涓?null銆?[D:\Halcon鏌ヨ\Halcon鏌ヨ\Halcon鏌ヨ.csproj]
D:\Halcon鏌ヨ\Halcon鏌ヨ\SearchViewModel.cs(85,16): warning CS8618: 鍦ㄩ€€鍑烘瀯閫犲嚱鏁版椂锛屼笉鍙负 null 鐨?瀛楁 "_htmlContent" 蹇呴』鍖呭惈闈?null 鍊笺€傝鑰冭檻娣诲姞 "required" 淇グ绗︽垨灏嗚 瀛楁 澹版槑涓哄彲涓?null銆?[D:\Halcon鏌ヨ\Halcon鏌ヨ\Halcon鏌ヨ.csproj]
D:\Halcon鏌ヨ\Halcon鏌ヨ\App.xaml.cs(55,24): warning CS8603: 鍙兘杩斿洖 null 寮曠敤銆?[D:\Halcon鏌ヨ\Halcon鏌ヨ\Halcon鏌ヨ.csproj]
D:\Halcon鏌ヨ\Halcon鏌ヨ\App.xaml.cs(60,45): warning CS8600: 灏?null 鏂囨湰鎴栧彲鑳界殑 null 鍊艰浆鎹负涓嶅彲涓?null 绫诲瀷銆?[D:\Halcon鏌ヨ\Halcon鏌ヨ\Halcon鏌ヨ.csproj]
D:\Halcon鏌ヨ\Halcon鏌ヨ\App.xaml.cs(71,28): warning CS8603: 鍙兘杩斿洖 null 寮曠敤銆?[D:\Halcon鏌ヨ\Halcon鏌ヨ\Halcon鏌ヨ.csproj]
D:\Halcon鏌ヨ\Halcon鏌ヨ\CommandBaseClass\BehaviorListview.cs(41,33): warning CS8604: 鈥渧oid CommandsBaseClass.Execute(object parameter)鈥濅腑鐨勫舰鍙傗€減arameter鈥濆彲鑳戒紶鍏?null 寮曠敤瀹炲弬銆?[D:\Halcon鏌ヨ\Halcon鏌ヨ\Halcon鏌ヨ.csproj]
D:\Halcon鏌ヨ\Halcon鏌ヨ\CommandBaseClass\CommandsClass.cs(13,35): warning CS8618: 鍦ㄩ€€鍑烘瀯閫犲嚱鏁版椂锛屼笉鍙负 null 鐨?浜嬩欢 "CanExecuteChanged" 蹇呴』鍖呭惈闈?null 鍊笺€傝鑰冭檻娣诲姞 "required" 淇グ绗︽垨灏嗚 浜嬩欢 澹版槑涓哄彲涓?null銆?[D:\Halcon鏌ヨ\Halcon鏌ヨ\Halcon鏌ヨ.csproj]
D:\Halcon鏌ヨ\Halcon鏌ヨ\CommandBaseClass\CommandsClass.cs(39,31): warning CS8618: 鍦ㄩ€€鍑烘瀯閫犲嚱鏁版椂锛屼笉鍙负 null 鐨?瀛楁 "ExecuteAction" 蹇呴』鍖呭惈闈?null 鍊笺€傝鑰冭檻娣诲姞 "required" 淇グ绗︽垨灏嗚 瀛楁 澹版槑涓哄彲涓?null銆?[D:\Halcon鏌ヨ\Halcon鏌ヨ\Halcon鏌ヨ.csproj]
D:\Halcon鏌ヨ\Halcon鏌ヨ\CommandBaseClass\CommandsClass.cs(40,35): warning CS8618: 鍦ㄩ€€鍑烘瀯閫犲嚱鏁版椂锛屼笉鍙负 null 鐨?瀛楁 "CanExecuteFunc" 蹇呴』鍖呭惈闈?null 鍊笺€傝鑰冭檻娣诲姞 "required" 淇グ绗︽垨灏嗚 瀛楁 澹版槑涓哄彲涓?null銆?[D:\Halcon鏌ヨ\Halcon鏌ヨ\Halcon鏌ヨ.csproj]
D:\Halcon鏌ヨ\Halcon鏌ヨ\PdfReaderViewModel.cs(55,26): warning CS8600: 灏?null 鏂囨湰鎴栧彲鑳界殑 null 鍊艰浆鎹负涓嶅彲涓?null 绫诲瀷銆?[D:\Halcon鏌ヨ\Halcon鏌ヨ\Halcon鏌ヨ.csproj]
D:\Halcon鏌ヨ\Halcon鏌ヨ\PdfReaderViewModel.cs(58,43): warning CS8604: 鈥淒irectoryInfo Directory.CreateDirectory(string path)鈥濅腑鐨勫舰鍙傗€減ath鈥濆彲鑳戒紶鍏?null 寮曠敤瀹炲弬銆?[D:\Halcon鏌ヨ\Halcon鏌ヨ\Halcon鏌ヨ.csproj]
D:\Halcon鏌ヨ\Halcon鏌ヨ\PdfReaderViewModel.cs(63,40): warning CS8600: 灏?null 鏂囨湰鎴栧彲鑳界殑 null 鍊艰浆鎹负涓嶅彲涓?null 绫诲瀷銆?[D:\Halcon鏌ヨ\Halcon鏌ヨ\Halcon鏌ヨ.csproj]
D:\Halcon鏌ヨ\Halcon鏌ヨ\PdfReaderViewModel.cs(66,21): warning CS8602: 瑙ｅ紩鐢ㄥ彲鑳藉嚭鐜扮┖寮曠敤銆?[D:\Halcon鏌ヨ\Halcon鏌ヨ\Halcon鏌ヨ.csproj]
D:\Halcon鏌ヨ\Halcon鏌ヨ\PdfReaderViewModel.cs(53,16): warning CS8618: 鍦ㄩ€€鍑烘瀯閫犲嚱鏁版椂锛屼笉鍙负 null 鐨?瀛楁 "_PdfPath" 蹇呴』鍖呭惈闈?null 鍊笺€傝鑰冭檻娣诲姞 "required" 淇グ绗︽垨灏嗚 瀛楁 澹版槑涓哄彲涓?null銆?[D:\Halcon鏌ヨ\Halcon鏌ヨ\Halcon鏌ヨ.csproj]
D:\Halcon鏌ヨ\Halcon鏌ヨ\PdfReaderViewModel.cs(85,46): warning CS8604: 鈥渋nt int.Parse(string s)鈥濅腑鐨勫舰鍙傗€渟鈥濆彲鑳戒紶鍏?null 寮曠敤瀹炲弬銆?[D:\Halcon鏌ヨ\Halcon鏌ヨ\Halcon鏌ヨ.csproj]
D:\Halcon鏌ヨ\Halcon鏌ヨ\PdfViewControl.xaml.cs(124,16): warning CS8618: 鍦ㄩ€€鍑烘瀯閫犲嚱鏁版椂锛屼笉鍙负 null 鐨?瀛楁 "pdfDocument" 蹇呴』鍖呭惈闈?null 鍊笺€傝鑰冭檻娣诲姞 "required" 淇グ绗︽垨灏嗚 瀛楁 澹版槑涓哄彲涓?null銆?[D:\Halcon鏌ヨ\Halcon鏌ヨ\Halcon鏌ヨ.csproj]
D:\Halcon鏌ヨ\Halcon鏌ヨ\SearchViewModel.cs(232,34): warning CS8601: 鍙兘鐨?null 寮曠敤璧嬪€笺€?[D:\Halcon鏌ヨ\Halcon鏌ヨ\Halcon鏌ヨ.csproj]
D:\Halcon鏌ヨ\Halcon鏌ヨ\SearchViewModel.cs(233,38): warning CS8601: 鍙兘鐨?null 寮曠敤璧嬪€笺€?[D:\Halcon鏌ヨ\Halcon鏌ヨ\Halcon鏌ヨ.csproj]
D:\Halcon鏌ヨ\Halcon鏌ヨ\SearchViewModel.cs(234,37): warning CS8601: 鍙兘鐨?null 寮曠敤璧嬪€笺€?[D:\Halcon鏌ヨ\Halcon鏌ヨ\Halcon鏌ヨ.csproj]
D:\Halcon鏌ヨ\Halcon鏌ヨ\SearchViewModel.cs(235,45): warning CS8604: 鈥渋nt int.Parse(string s)鈥濅腑鐨勫舰鍙傗€渟鈥濆彲鑳戒紶鍏?null 寮曠敤瀹炲弬銆?[D:\Halcon鏌ヨ\Halcon鏌ヨ\Halcon鏌ヨ.csproj]
D:\Halcon鏌ヨ\Halcon鏌ヨ\PdfViewControl.xaml.cs(175,35): warning CS8625: 鏃犳硶灏?null 瀛楅潰閲忚浆鎹负闈?null 鐨勫紩鐢ㄧ被鍨嬨€?[D:\Halcon鏌ヨ\Halcon鏌ヨ\Halcon鏌ヨ.csproj]
D:\Halcon鏌ヨ\Halcon鏌ヨ\SearchViewModel.cs(292,34): warning CS8601: 鍙兘鐨?null 寮曠敤璧嬪€笺€?[D:\Halcon鏌ヨ\Halcon鏌ヨ\Halcon鏌ヨ.csproj]
D:\Halcon鏌ヨ\Halcon鏌ヨ\SearchViewModel.cs(293,38): warning CS8601: 鍙兘鐨?null 寮曠敤璧嬪€笺€?[D:\Halcon鏌ヨ\Halcon鏌ヨ\Halcon鏌ヨ.csproj]
D:\Halcon鏌ヨ\Halcon鏌ヨ\SearchViewModel.cs(294,37): warning CS8601: 鍙兘鐨?null 寮曠敤璧嬪€笺€?[D:\Halcon鏌ヨ\Halcon鏌ヨ\Halcon鏌ヨ.csproj]
D:\Halcon鏌ヨ\Halcon鏌ヨ\SearchViewModel.cs(295,45): warning CS8604: 鈥渋nt int.Parse(string s)鈥濅腑鐨勫舰鍙傗€渟鈥濆彲鑳戒紶鍏?null 寮曠敤瀹炲弬銆?[D:\Halcon鏌ヨ\Halcon鏌ヨ\Halcon鏌ヨ.csproj]
D:\Halcon鏌ヨ\Halcon鏌ヨ\PdfViewControl.xaml.cs(210,21): warning CS0219: 鍙橀噺鈥渄pi鈥濆凡琚祴鍊硷紝浣嗕粠鏈娇鐢ㄨ繃瀹冪殑鍊?[D:\Halcon鏌ヨ\Halcon鏌ヨ\Halcon鏌ヨ.csproj]
D:\Halcon鏌ヨ\Halcon鏌ヨ\SearchViewModel.cs(358,50): warning CS8600: 灏?null 鏂囨湰鎴栧彲鑳界殑 null 鍊艰浆鎹负涓嶅彲涓?null 绫诲瀷銆?[D:\Halcon鏌ヨ\Halcon鏌ヨ\Halcon鏌ヨ.csproj]
D:\Halcon鏌ヨ\Halcon鏌ヨ\SearchViewModel.cs(362,39): warning CS8600: 灏?null 鏂囨湰鎴栧彲鑳界殑 null 鍊艰浆鎹负涓嶅彲涓?null 绫诲瀷銆?[D:\Halcon鏌ヨ\Halcon鏌ヨ\Halcon鏌ヨ.csproj]
D:\Halcon鏌ヨ\Halcon鏌ヨ\SearchViewModel.cs(391,59): warning CS8600: 灏?null 鏂囨湰鎴栧彲鑳界殑 null 鍊艰浆鎹负涓嶅彲涓?null 绫诲瀷銆?[D:\Halcon鏌ヨ\Halcon鏌ヨ\Halcon鏌ヨ.csproj]
D:\Halcon鏌ヨ\Halcon鏌ヨ\SearchViewModel.cs(392,46): warning CS8602: 瑙ｅ紩鐢ㄥ彲鑳藉嚭鐜扮┖寮曠敤銆?[D:\Halcon鏌ヨ\Halcon鏌ヨ\Halcon鏌ヨ.csproj]
D:\Halcon鏌ヨ\Halcon鏌ヨ\SearchViewModel.cs(413,49): warning CS8600: 灏?null 鏂囨湰鎴栧彲鑳界殑 null 鍊艰浆鎹负涓嶅彲涓?null 绫诲瀷銆?[D:\Halcon鏌ヨ\Halcon鏌ヨ\Halcon鏌ヨ.csproj]
D:\Halcon鏌ヨ\Halcon鏌ヨ\SearchViewModel.cs(418,30): warning CS8602: 瑙ｅ紩鐢ㄥ彲鑳藉嚭鐜扮┖寮曠敤銆?[D:\Halcon鏌ヨ\Halcon鏌ヨ\Halcon鏌ヨ.csproj]
D:\Halcon鏌ヨ\Halcon鏌ヨ\SearchViewModel.cs(433,49): warning CS8600: 灏?null 鏂囨湰鎴栧彲鑳界殑 null 鍊艰浆鎹负涓嶅彲涓?null 绫诲瀷銆?[D:\Halcon鏌ヨ\Halcon鏌ヨ\Halcon鏌ヨ.csproj]
D:\Halcon鏌ヨ\Halcon鏌ヨ\SearchViewModel.cs(434,17): warning CS8602: 瑙ｅ紩鐢ㄥ彲鑳藉嚭鐜扮┖寮曠敤銆?[D:\Halcon鏌ヨ\Halcon鏌ヨ\Halcon鏌ヨ.csproj]
D:\Halcon鏌ヨ\Halcon鏌ヨ\SearchViewModel.cs(446,43): warning CS8604: 鈥淒irectoryInfo Directory.CreateDirectory(string path)鈥濅腑鐨勫舰鍙傗€減ath鈥濆彲鑳戒紶鍏?null 寮曠敤瀹炲弬銆?[D:\Halcon鏌ヨ\Halcon鏌ヨ\Halcon鏌ヨ.csproj]
D:\Halcon鏌ヨ\Halcon鏌ヨ\SearchViewModel.cs(451,40): warning CS8600: 灏?null 鏂囨湰鎴栧彲鑳界殑 null 鍊艰浆鎹负涓嶅彲涓?null 绫诲瀷銆?[D:\Halcon鏌ヨ\Halcon鏌ヨ\Halcon鏌ヨ.csproj]
D:\Halcon鏌ヨ\Halcon鏌ヨ\SearchViewModel.cs(454,21): warning CS8602: 瑙ｅ紩鐢ㄥ彲鑳藉嚭鐜扮┖寮曠敤銆?[D:\Halcon鏌ヨ\Halcon鏌ヨ\Halcon鏌ヨ.csproj]
D:\Halcon鏌ヨ\Halcon鏌ヨ\SearchViewModel.cs(441,16): warning CS8618: 鍦ㄩ€€鍑烘瀯閫犲嚱鏁版椂锛屼笉鍙负 null 鐨?瀛楁 "_results" 蹇呴』鍖呭惈闈?null 鍊笺€傝鑰冭檻娣诲姞 "required" 淇グ绗︽垨灏嗚 瀛楁 澹版槑涓哄彲涓?null銆?[D:\Halcon鏌ヨ\Halcon鏌ヨ\Halcon鏌ヨ.csproj]
D:\Halcon鏌ヨ\Halcon鏌ヨ\SearchViewModel.cs(441,16): warning CS8618: 鍦ㄩ€€鍑烘瀯閫犲嚱鏁版椂锛屼笉鍙负 null 鐨?瀛楁 "_resultesPageInt" 蹇呴』鍖呭惈闈?null 鍊笺€傝鑰冭檻娣诲姞 "required" 淇グ绗︽垨灏嗚 瀛楁 澹版槑涓哄彲涓?null銆?[D:\Halcon鏌ヨ\Halcon鏌ヨ\Halcon鏌ヨ.csproj]
D:\Halcon鏌ヨ\Halcon鏌ヨ\PdfViewControl.xaml.cs(492,25): warning CS8602: 瑙ｅ紩鐢ㄥ彲鑳藉嚭鐜扮┖寮曠敤銆?[D:\Halcon鏌ヨ\Halcon鏌ヨ\Halcon鏌ヨ.csproj]
D:\Halcon鏌ヨ\Halcon鏌ヨ\PdfViewControl.xaml.cs(649,31): warning CS8625: 鏃犳硶灏?null 瀛楅潰閲忚浆鎹负闈?null 鐨勫紩鐢ㄧ被鍨嬨€?[D:\Halcon鏌ヨ\Halcon鏌ヨ\Halcon鏌ヨ.csproj]
D:\Halcon鏌ヨ\Halcon鏌ヨ\PdfViewControl.xaml.cs(117,38): warning CS0169: 浠庝笉浣跨敤瀛楁鈥淧dfViewControl._mousePosition鈥?[D:\Halcon鏌ヨ\Halcon鏌ヨ\Halcon鏌ヨ.csproj]
  Halcon鏌ヨ -> D:\Halcon鏌ヨ\Halcon鏌ヨ\bin\Debug\net8.0-windows\win-x64\Halcon鏌ヨ.dll

宸叉垚鍔熺敓鎴愩€?

D:\Halcon鏌ヨ\Halcon鏌ヨ\PdfViewControl.xaml.cs(17,7): warning CS0105: 鈥淪ystem.IO鈥濈殑 using 鎸囦护浠ュ墠鍦ㄦ鍛藉悕绌洪棿涓嚭鐜拌繃 [D:\Halcon鏌ヨ\Halcon鏌ヨ\Halcon鏌ヨ.csproj]
D:\Halcon鏌ヨ\Halcon鏌ヨ\CommandBaseClass\CommandsClass.cs(15,21): warning CS8767: 鈥渂ool CommandsBaseClass.CanExecute(object parameter)鈥濈殑鍙傛暟鈥減arameter鈥濈被鍨嬩腑寮曠敤绫诲瀷鐨勪负 Null 鎬т笌闅愬紡瀹炵幇鐨勬垚鍛樷€渂ool ICommand.CanExecute(object? parameter)鈥濅笉鍖归厤(鍙兘鏄敱浜庝负 Null 鎬х壒鎬?銆?[D:\Halcon鏌ヨ\Halcon鏌ヨ\Halcon鏌ヨ.csproj]
D:\Halcon鏌ヨ\Halcon鏌ヨ\CommandBaseClass\CommandsClass.cs(22,21): warning CS8767: 鈥渧oid CommandsBaseClass.Execute(object parameter)鈥濈殑鍙傛暟鈥減arameter鈥濈被鍨嬩腑寮曠敤绫诲瀷鐨勪负 Null 鎬т笌闅愬紡瀹炵幇鐨勬垚鍛樷€渧oid ICommand.Execute(object? parameter)鈥濅笉鍖归厤(鍙兘鏄敱浜庝负 Null 鎬х壒鎬?銆?[D:\Halcon鏌ヨ\Halcon鏌ヨ\Halcon鏌ヨ.csproj]
D:\Halcon鏌ヨ\Halcon鏌ヨ\CommandBaseClass\CommandsClass.cs(13,35): warning CS8612: 鈥渆vent EventHandler CommandsBaseClass.CanExecuteChanged鈥濈殑绫诲瀷涓紩鐢ㄧ被鍨嬬殑涓?Null 鎬т笌闅愬紡瀹炵幇鐨勬垚鍛樷€渆vent EventHandler? ICommand.CanExecuteChanged鈥濅笉鍖归厤銆?[D:\Halcon鏌ヨ\Halcon鏌ヨ\Halcon鏌ヨ.csproj]
D:\Halcon鏌ヨ\Halcon鏌ヨ\CommandBaseClass\NotifyPropretyObject.cs(12,50): warning CS8612: 鈥渆vent PropertyChangedEventHandler NotifyPropretyObject.PropertyChanged鈥濈殑绫诲瀷涓紩鐢ㄧ被鍨嬬殑涓?Null 鎬т笌闅愬紡瀹炵幇鐨勬垚鍛樷€渆vent PropertyChangedEventHandler? INotifyPropertyChanged.PropertyChanged鈥濅笉鍖归厤銆?[D:\Halcon鏌ヨ\Halcon鏌ヨ\Halcon鏌ヨ.csproj]
D:\Halcon鏌ヨ\Halcon鏌ヨ\CommandBaseClass\MessageBus.cs(19,55): warning CS8618: 鍦ㄩ€€鍑烘瀯閫犲嚱鏁版椂锛屼笉鍙负 null 鐨?浜嬩欢 "MessageBusEvent" 蹇呴』鍖呭惈闈?null 鍊笺€傝鑰冭檻娣诲姞 "required" 淇グ绗︽垨灏嗚 浜嬩欢 澹版槑涓哄彲涓?null銆?[D:\Halcon鏌ヨ\Halcon鏌ヨ\Halcon鏌ヨ.csproj]
D:\Halcon鏌ヨ\Halcon鏌ヨ\App.xaml.cs(21,56): warning CS8622: 鈥淎ssembly App.CurrentDomain_AssemblyResolve(object sender, ResolveEventArgs args)鈥濈殑鍙傛暟鈥渟ender鈥濈被鍨嬩腑寮曠敤绫诲瀷鐨勪负 Null 鎬т笌鐩爣濮旀墭鈥淩esolveEventHandler鈥濅笉鍖归厤(鍙兘鏄敱浜庝负 Null 鎬х壒鎬?銆?[D:\Halcon鏌ヨ\Halcon鏌ヨ\Halcon鏌ヨ.csproj]
D:\Halcon鏌ヨ\Halcon鏌ヨ\CommandBaseClass\MessageBus.cs(12,23): warning CS8618: 鍦ㄩ€€鍑烘瀯閫犲嚱鏁版椂锛屼笉鍙负 null 鐨?瀛楁 "ReceiveType" 蹇呴』鍖呭惈闈?null 鍊笺€傝鑰冭檻娣诲姞 "required" 淇グ绗︽垨灏嗚 瀛楁 澹版槑涓哄彲涓?null銆?[D:\Halcon鏌ヨ\Halcon鏌ヨ\Halcon鏌ヨ.csproj]
D:\Halcon鏌ヨ\Halcon鏌ヨ\CommandBaseClass\MessageBus.cs(13,23): warning CS8618: 鍦ㄩ€€鍑烘瀯閫犲嚱鏁版椂锛屼笉鍙负 null 鐨?瀛楁 "ReceiveOBJ" 蹇呴』鍖呭惈闈?null 鍊笺€傝鑰冭檻娣诲姞 "required" 淇グ绗︽垨灏嗚 瀛楁 澹版槑涓哄彲涓?null銆?[D:\Halcon鏌ヨ\Halcon鏌ヨ\Halcon鏌ヨ.csproj]
D:\Halcon鏌ヨ\Halcon鏌ヨ\CommandBaseClass\MessageBus.cs(14,23): warning CS8618: 鍦ㄩ€€鍑烘瀯閫犲嚱鏁版椂锛屼笉鍙负 null 鐨?瀛楁 "ReceiveOBJ2" 蹇呴』鍖呭惈闈?null 鍊笺€傝鑰冭檻娣诲姞 "required" 淇グ绗︽垨灏嗚 瀛楁 澹版槑涓哄彲涓?null銆?[D:\Halcon鏌ヨ\Halcon鏌ヨ\Halcon鏌ヨ.csproj]
D:\Halcon鏌ヨ\Halcon鏌ヨ\CommandBaseClass\MessageBus.cs(15,23): warning CS8618: 鍦ㄩ€€鍑烘瀯閫犲嚱鏁版椂锛屼笉鍙负 null 鐨?瀛楁 "ReceiveOBJ3" 蹇呴』鍖呭惈闈?null 鍊笺€傝鑰冭檻娣诲姞 "required" 淇グ绗︽垨灏嗚 瀛楁 澹版槑涓哄彲涓?null銆?[D:\Halcon鏌ヨ\Halcon鏌ヨ\Halcon鏌ヨ.csproj]
D:\Halcon鏌ヨ\Halcon鏌ヨ\MessageBus.cs(12,23): warning CS8618: 鍦ㄩ€€鍑烘瀯閫犲嚱鏁版椂锛屼笉鍙负 null 鐨?瀛楁 "ReceiveType" 蹇呴』鍖呭惈闈?null 鍊笺€傝鑰冭檻娣诲姞 "required" 淇グ绗︽垨灏嗚 瀛楁 澹版槑涓哄彲涓?null銆?[D:\Halcon鏌ヨ\Halcon鏌ヨ\Halcon鏌ヨ.csproj]
D:\Halcon鏌ヨ\Halcon鏌ヨ\MessageBus.cs(13,23): warning CS8618: 鍦ㄩ€€鍑烘瀯閫犲嚱鏁版椂锛屼笉鍙负 null 鐨?瀛楁 "ReceiveOBJ" 蹇呴』鍖呭惈闈?null 鍊笺€傝鑰冭檻娣诲姞 "required" 淇グ绗︽垨灏嗚 瀛楁 澹版槑涓哄彲涓?null銆?[D:\Halcon鏌ヨ\Halcon鏌ヨ\Halcon鏌ヨ.csproj]
D:\Halcon鏌ヨ\Halcon鏌ヨ\MessageBus.cs(14,23): warning CS8618: 鍦ㄩ€€鍑烘瀯閫犲嚱鏁版椂锛屼笉鍙负 null 鐨?瀛楁 "ReceiveOBJ2" 蹇呴』鍖呭惈闈?null 鍊笺€傝鑰冭檻娣诲姞 "required" 淇グ绗︽垨灏嗚 瀛楁 澹版槑涓哄彲涓?null銆?[D:\Halcon鏌ヨ\Halcon鏌ヨ\Halcon鏌ヨ.csproj]
D:\Halcon鏌ヨ\Halcon鏌ヨ\MessageBus.cs(15,23): warning CS8618: 鍦ㄩ€€鍑烘瀯閫犲嚱鏁版椂锛屼笉鍙负 null 鐨?瀛楁 "ReceiveOBJ3" 蹇呴』鍖呭惈闈?null 鍊笺€傝鑰冭檻娣诲姞 "required" 淇グ绗︽垨灏嗚 瀛楁 澹版槑涓哄彲涓?null銆?[D:\Halcon鏌ヨ\Halcon鏌ヨ\Halcon鏌ヨ.csproj]
D:\Halcon鏌ヨ\Halcon鏌ヨ\MessageBus.cs(19,55): warning CS8618: 鍦ㄩ€€鍑烘瀯閫犲嚱鏁版椂锛屼笉鍙负 null 鐨?浜嬩欢 "MessageBusEvent" 蹇呴』鍖呭惈闈?null 鍊笺€傝鑰冭檻娣诲姞 "required" 淇グ绗︽垨灏嗚 浜嬩欢 澹版槑涓哄彲涓?null銆?[D:\Halcon鏌ヨ\Halcon鏌ヨ\Halcon鏌ヨ.csproj]
D:\Halcon鏌ヨ\Halcon鏌ヨ\CommandBaseClass\NotifyPropretyObject.cs(12,50): warning CS8618: 鍦ㄩ€€鍑烘瀯閫犲嚱鏁版椂锛屼笉鍙负 null 鐨?浜嬩欢 "PropertyChanged" 蹇呴』鍖呭惈闈?null 鍊笺€傝鑰冭檻娣诲姞 "required" 淇グ绗︽垨灏嗚 浜嬩欢 澹版槑涓哄彲涓?null銆?[D:\Halcon鏌ヨ\Halcon鏌ヨ\Halcon鏌ヨ.csproj]
D:\Halcon鏌ヨ\Halcon鏌ヨ\App.xaml.cs(33,36): warning CS8600: 灏?null 鏂囨湰鎴栧彲鑳界殑 null 鍊艰浆鎹负涓嶅彲涓?null 绫诲瀷銆?[D:\Halcon鏌ヨ\Halcon鏌ヨ\Halcon鏌ヨ.csproj]
D:\Halcon鏌ヨ\Halcon鏌ヨ\App.xaml.cs(35,44): warning CS8603: 鍙兘杩斿洖 null 寮曠敤銆?[D:\Halcon鏌ヨ\Halcon鏌ヨ\Halcon鏌ヨ.csproj]
D:\Halcon鏌ヨ\Halcon鏌ヨ\App.xaml.cs(44,13): warning CS0162: 妫€娴嬪埌鏃犳硶璁块棶鐨勪唬鐮?[D:\Halcon鏌ヨ\Halcon鏌ヨ\Halcon鏌ヨ.csproj]
D:\Halcon鏌ヨ\Halcon鏌ヨ\ShareDataModel.cs(33,22): warning CS8618: 鍦ㄩ€€鍑烘瀯閫犲嚱鏁版椂锛屼笉鍙负 null 鐨?瀛楁 "_seletpage" 蹇呴』鍖呭惈闈?null 鍊笺€傝鑰冭檻娣诲姞 "required" 淇グ绗︽垨灏嗚 瀛楁 澹版槑涓哄彲涓?null銆?[D:\Halcon鏌ヨ\Halcon鏌ヨ\Halcon鏌ヨ.csproj]
D:\Halcon鏌ヨ\Halcon鏌ヨ\ShareDataModel.cs(44,24): warning CS8618: 鍦ㄩ€€鍑烘瀯閫犲嚱鏁版椂锛屼笉鍙负 null 鐨?瀛楁 "_HtmlContent" 蹇呴』鍖呭惈闈?null 鍊笺€傝鑰冭檻娣诲姞 "required" 淇グ绗︽垨灏嗚 瀛楁 澹版槑涓哄彲涓?null銆?[D:\Halcon鏌ヨ\Halcon鏌ヨ\Halcon鏌ヨ.csproj]
D:\Halcon鏌ヨ\Halcon鏌ヨ\SearchViewModel.cs(85,16): warning CS8618: 鍦ㄩ€€鍑烘瀯閫犲嚱鏁版椂锛屼笉鍙负 null 鐨?瀛楁 "_FuncName" 蹇呴』鍖呭惈闈?null 鍊笺€傝鑰冭檻娣诲姞 "required" 淇グ绗︽垨灏嗚 瀛楁 澹版槑涓哄彲涓?null銆?[D:\Halcon鏌ヨ\Halcon鏌ヨ\Halcon鏌ヨ.csproj]
D:\Halcon鏌ヨ\Halcon鏌ヨ\SearchViewModel.cs(85,16): warning CS8618: 鍦ㄩ€€鍑烘瀯閫犲嚱鏁版椂锛屼笉鍙负 null 鐨?瀛楁 "_FuncCapacity" 蹇呴』鍖呭惈闈?null 鍊笺€傝鑰冭檻娣诲姞 "required" 淇グ绗︽垨灏嗚 瀛楁 澹版槑涓哄彲涓?null銆?[D:\Halcon鏌ヨ\Halcon鏌ヨ\Halcon鏌ヨ.csproj]
D:\Halcon鏌ヨ\Halcon鏌ヨ\SearchViewModel.cs(85,16): warning CS8618: 鍦ㄩ€€鍑烘瀯閫犲嚱鏁版椂锛屼笉鍙负 null 鐨?瀛楁 "_htmlContent" 蹇呴』鍖呭惈闈?null 鍊笺€傝鑰冭檻娣诲姞 "required" 淇グ绗︽垨灏嗚 瀛楁 澹版槑涓哄彲涓?null銆?[D:\Halcon鏌ヨ\Halcon鏌ヨ\Halcon鏌ヨ.csproj]
D:\Halcon鏌ヨ\Halcon鏌ヨ\App.xaml.cs(55,24): warning CS8603: 鍙兘杩斿洖 null 寮曠敤銆?[D:\Halcon鏌ヨ\Halcon鏌ヨ\Halcon鏌ヨ.csproj]
D:\Halcon鏌ヨ\Halcon鏌ヨ\App.xaml.cs(60,45): warning CS8600: 灏?null 鏂囨湰鎴栧彲鑳界殑 null 鍊艰浆鎹负涓嶅彲涓?null 绫诲瀷銆?[D:\Halcon鏌ヨ\Halcon鏌ヨ\Halcon鏌ヨ.csproj]
D:\Halcon鏌ヨ\Halcon鏌ヨ\App.xaml.cs(71,28): warning CS8603: 鍙兘杩斿洖 null 寮曠敤銆?[D:\Halcon鏌ヨ\Halcon鏌ヨ\Halcon鏌ヨ.csproj]
D:\Halcon鏌ヨ\Halcon鏌ヨ\CommandBaseClass\BehaviorListview.cs(41,33): warning CS8604: 鈥渧oid CommandsBaseClass.Execute(object parameter)鈥濅腑鐨勫舰鍙傗€減arameter鈥濆彲鑳戒紶鍏?null 寮曠敤瀹炲弬銆?[D:\Halcon鏌ヨ\Halcon鏌ヨ\Halcon鏌ヨ.csproj]
D:\Halcon鏌ヨ\Halcon鏌ヨ\CommandBaseClass\CommandsClass.cs(13,35): warning CS8618: 鍦ㄩ€€鍑烘瀯閫犲嚱鏁版椂锛屼笉鍙负 null 鐨?浜嬩欢 "CanExecuteChanged" 蹇呴』鍖呭惈闈?null 鍊笺€傝鑰冭檻娣诲姞 "required" 淇グ绗︽垨灏嗚 浜嬩欢 澹版槑涓哄彲涓?null銆?[D:\Halcon鏌ヨ\Halcon鏌ヨ\Halcon鏌ヨ.csproj]
D:\Halcon鏌ヨ\Halcon鏌ヨ\CommandBaseClass\CommandsClass.cs(39,31): warning CS8618: 鍦ㄩ€€鍑烘瀯閫犲嚱鏁版椂锛屼笉鍙负 null 鐨?瀛楁 "ExecuteAction" 蹇呴』鍖呭惈闈?null 鍊笺€傝鑰冭檻娣诲姞 "required" 淇グ绗︽垨灏嗚 瀛楁 澹版槑涓哄彲涓?null銆?[D:\Halcon鏌ヨ\Halcon鏌ヨ\Halcon鏌ヨ.csproj]
D:\Halcon鏌ヨ\Halcon鏌ヨ\CommandBaseClass\CommandsClass.cs(40,35): warning CS8618: 鍦ㄩ€€鍑烘瀯閫犲嚱鏁版椂锛屼笉鍙负 null 鐨?瀛楁 "CanExecuteFunc" 蹇呴』鍖呭惈闈?null 鍊笺€傝鑰冭檻娣诲姞 "required" 淇グ绗︽垨灏嗚 瀛楁 澹版槑涓哄彲涓?null銆?[D:\Halcon鏌ヨ\Halcon鏌ヨ\Halcon鏌ヨ.csproj]
D:\Halcon鏌ヨ\Halcon鏌ヨ\PdfReaderViewModel.cs(55,26): warning CS8600: 灏?null 鏂囨湰鎴栧彲鑳界殑 null 鍊艰浆鎹负涓嶅彲涓?null 绫诲瀷銆?[D:\Halcon鏌ヨ\Halcon鏌ヨ\Halcon鏌ヨ.csproj]
D:\Halcon鏌ヨ\Halcon鏌ヨ\PdfReaderViewModel.cs(58,43): warning CS8604: 鈥淒irectoryInfo Directory.CreateDirectory(string path)鈥濅腑鐨勫舰鍙傗€減ath鈥濆彲鑳戒紶鍏?null 寮曠敤瀹炲弬銆?[D:\Halcon鏌ヨ\Halcon鏌ヨ\Halcon鏌ヨ.csproj]
D:\Halcon鏌ヨ\Halcon鏌ヨ\PdfReaderViewModel.cs(63,40): warning CS8600: 灏?null 鏂囨湰鎴栧彲鑳界殑 null 鍊艰浆鎹负涓嶅彲涓?null 绫诲瀷銆?[D:\Halcon鏌ヨ\Halcon鏌ヨ\Halcon鏌ヨ.csproj]
D:\Halcon鏌ヨ\Halcon鏌ヨ\PdfReaderViewModel.cs(66,21): warning CS8602: 瑙ｅ紩鐢ㄥ彲鑳藉嚭鐜扮┖寮曠敤銆?[D:\Halcon鏌ヨ\Halcon鏌ヨ\Halcon鏌ヨ.csproj]
D:\Halcon鏌ヨ\Halcon鏌ヨ\PdfReaderViewModel.cs(53,16): warning CS8618: 鍦ㄩ€€鍑烘瀯閫犲嚱鏁版椂锛屼笉鍙负 null 鐨?瀛楁 "_PdfPath" 蹇呴』鍖呭惈闈?null 鍊笺€傝鑰冭檻娣诲姞 "required" 淇グ绗︽垨灏嗚 瀛楁 澹版槑涓哄彲涓?null銆?[D:\Halcon鏌ヨ\Halcon鏌ヨ\Halcon鏌ヨ.csproj]
D:\Halcon鏌ヨ\Halcon鏌ヨ\PdfReaderViewModel.cs(85,46): warning CS8604: 鈥渋nt int.Parse(string s)鈥濅腑鐨勫舰鍙傗€渟鈥濆彲鑳戒紶鍏?null 寮曠敤瀹炲弬銆?[D:\Halcon鏌ヨ\Halcon鏌ヨ\Halcon鏌ヨ.csproj]
D:\Halcon鏌ヨ\Halcon鏌ヨ\PdfViewControl.xaml.cs(124,16): warning CS8618: 鍦ㄩ€€鍑烘瀯閫犲嚱鏁版椂锛屼笉鍙负 null 鐨?瀛楁 "pdfDocument" 蹇呴』鍖呭惈闈?null 鍊笺€傝鑰冭檻娣诲姞 "required" 淇グ绗︽垨灏嗚 瀛楁 澹版槑涓哄彲涓?null銆?[D:\Halcon鏌ヨ\Halcon鏌ヨ\Halcon鏌ヨ.csproj]
D:\Halcon鏌ヨ\Halcon鏌ヨ\SearchViewModel.cs(232,34): warning CS8601: 鍙兘鐨?null 寮曠敤璧嬪€笺€?[D:\Halcon鏌ヨ\Halcon鏌ヨ\Halcon鏌ヨ.csproj]
D:\Halcon鏌ヨ\Halcon鏌ヨ\SearchViewModel.cs(233,38): warning CS8601: 鍙兘鐨?null 寮曠敤璧嬪€笺€?[D:\Halcon鏌ヨ\Halcon鏌ヨ\Halcon鏌ヨ.csproj]
D:\Halcon鏌ヨ\Halcon鏌ヨ\SearchViewModel.cs(234,37): warning CS8601: 鍙兘鐨?null 寮曠敤璧嬪€笺€?[D:\Halcon鏌ヨ\Halcon鏌ヨ\Halcon鏌ヨ.csproj]
D:\Halcon鏌ヨ\Halcon鏌ヨ\SearchViewModel.cs(235,45): warning CS8604: 鈥渋nt int.Parse(string s)鈥濅腑鐨勫舰鍙傗€渟鈥濆彲鑳戒紶鍏?null 寮曠敤瀹炲弬銆?[D:\Halcon鏌ヨ\Halcon鏌ヨ\Halcon鏌ヨ.csproj]
D:\Halcon鏌ヨ\Halcon鏌ヨ\PdfViewControl.xaml.cs(175,35): warning CS8625: 鏃犳硶灏?null 瀛楅潰閲忚浆鎹负闈?null 鐨勫紩鐢ㄧ被鍨嬨€?[D:\Halcon鏌ヨ\Halcon鏌ヨ\Halcon鏌ヨ.csproj]
D:\Halcon鏌ヨ\Halcon鏌ヨ\SearchViewModel.cs(292,34): warning CS8601: 鍙兘鐨?null 寮曠敤璧嬪€笺€?[D:\Halcon鏌ヨ\Halcon鏌ヨ\Halcon鏌ヨ.csproj]
D:\Halcon鏌ヨ\Halcon鏌ヨ\SearchViewModel.cs(293,38): warning CS8601: 鍙兘鐨?null 寮曠敤璧嬪€笺€?[D:\Halcon鏌ヨ\Halcon鏌ヨ\Halcon鏌ヨ.csproj]
D:\Halcon鏌ヨ\Halcon鏌ヨ\SearchViewModel.cs(294,37): warning CS8601: 鍙兘鐨?null 寮曠敤璧嬪€笺€?[D:\Halcon鏌ヨ\Halcon鏌ヨ\Halcon鏌ヨ.csproj]
D:\Halcon鏌ヨ\Halcon鏌ヨ\SearchViewModel.cs(295,45): warning CS8604: 鈥渋nt int.Parse(string s)鈥濅腑鐨勫舰鍙傗€渟鈥濆彲鑳戒紶鍏?null 寮曠敤瀹炲弬銆?[D:\Halcon鏌ヨ\Halcon鏌ヨ\Halcon鏌ヨ.csproj]
D:\Halcon鏌ヨ\Halcon鏌ヨ\PdfViewControl.xaml.cs(210,21): warning CS0219: 鍙橀噺鈥渄pi鈥濆凡琚祴鍊硷紝浣嗕粠鏈娇鐢ㄨ繃瀹冪殑鍊?[D:\Halcon鏌ヨ\Halcon鏌ヨ\Halcon鏌ヨ.csproj]
D:\Halcon鏌ヨ\Halcon鏌ヨ\SearchViewModel.cs(358,50): warning CS8600: 灏?null 鏂囨湰鎴栧彲鑳界殑 null 鍊艰浆鎹负涓嶅彲涓?null 绫诲瀷銆?[D:\Halcon鏌ヨ\Halcon鏌ヨ\Halcon鏌ヨ.csproj]
D:\Halcon鏌ヨ\Halcon鏌ヨ\SearchViewModel.cs(362,39): warning CS8600: 灏?null 鏂囨湰鎴栧彲鑳界殑 null 鍊艰浆鎹负涓嶅彲涓?null 绫诲瀷銆?[D:\Halcon鏌ヨ\Halcon鏌ヨ\Halcon鏌ヨ.csproj]
D:\Halcon鏌ヨ\Halcon鏌ヨ\SearchViewModel.cs(391,59): warning CS8600: 灏?null 鏂囨湰鎴栧彲鑳界殑 null 鍊艰浆鎹负涓嶅彲涓?null 绫诲瀷銆?[D:\Halcon鏌ヨ\Halcon鏌ヨ\Halcon鏌ヨ.csproj]
D:\Halcon鏌ヨ\Halcon鏌ヨ\SearchViewModel.cs(392,46): warning CS8602: 瑙ｅ紩鐢ㄥ彲鑳藉嚭鐜扮┖寮曠敤銆?[D:\Halcon鏌ヨ\Halcon鏌ヨ\Halcon鏌ヨ.csproj]
D:\Halcon鏌ヨ\Halcon鏌ヨ\SearchViewModel.cs(413,49): warning CS8600: 灏?null 鏂囨湰鎴栧彲鑳界殑 null 鍊艰浆鎹负涓嶅彲涓?null 绫诲瀷銆?[D:\Halcon鏌ヨ\Halcon鏌ヨ\Halcon鏌ヨ.csproj]
D:\Halcon鏌ヨ\Halcon鏌ヨ\SearchViewModel.cs(418,30): warning CS8602: 瑙ｅ紩鐢ㄥ彲鑳藉嚭鐜扮┖寮曠敤銆?[D:\Halcon鏌ヨ\Halcon鏌ヨ\Halcon鏌ヨ.csproj]
D:\Halcon鏌ヨ\Halcon鏌ヨ\SearchViewModel.cs(433,49): warning CS8600: 灏?null 鏂囨湰鎴栧彲鑳界殑 null 鍊艰浆鎹负涓嶅彲涓?null 绫诲瀷銆?[D:\Halcon鏌ヨ\Halcon鏌ヨ\Halcon鏌ヨ.csproj]
D:\Halcon鏌ヨ\Halcon鏌ヨ\SearchViewModel.cs(434,17): warning CS8602: 瑙ｅ紩鐢ㄥ彲鑳藉嚭鐜扮┖寮曠敤銆?[D:\Halcon鏌ヨ\Halcon鏌ヨ\Halcon鏌ヨ.csproj]
D:\Halcon鏌ヨ\Halcon鏌ヨ\SearchViewModel.cs(446,43): warning CS8604: 鈥淒irectoryInfo Directory.CreateDirectory(string path)鈥濅腑鐨勫舰鍙傗€減ath鈥濆彲鑳戒紶鍏?null 寮曠敤瀹炲弬銆?[D:\Halcon鏌ヨ\Halcon鏌ヨ\Halcon鏌ヨ.csproj]
D:\Halcon鏌ヨ\Halcon鏌ヨ\SearchViewModel.cs(451,40): warning CS8600: 灏?null 鏂囨湰鎴栧彲鑳界殑 null 鍊艰浆鎹负涓嶅彲涓?null 绫诲瀷銆?[D:\Halcon鏌ヨ\Halcon鏌ヨ\Halcon鏌ヨ.csproj]
D:\Halcon鏌ヨ\Halcon鏌ヨ\SearchViewModel.cs(454,21): warning CS8602: 瑙ｅ紩鐢ㄥ彲鑳藉嚭鐜扮┖寮曠敤銆?[D:\Halcon鏌ヨ\Halcon鏌ヨ\Halcon鏌ヨ.csproj]
D:\Halcon鏌ヨ\Halcon鏌ヨ\SearchViewModel.cs(441,16): warning CS8618: 鍦ㄩ€€鍑烘瀯閫犲嚱鏁版椂锛屼笉鍙负 null 鐨?瀛楁 "_results" 蹇呴』鍖呭惈闈?null 鍊笺€傝鑰冭檻娣诲姞 "required" 淇グ绗︽垨灏嗚 瀛楁 澹版槑涓哄彲涓?null銆?[D:\Halcon鏌ヨ\Halcon鏌ヨ\Halcon鏌ヨ.csproj]
D:\Halcon鏌ヨ\Halcon鏌ヨ\SearchViewModel.cs(441,16): warning CS8618: 鍦ㄩ€€鍑烘瀯閫犲嚱鏁版椂锛屼笉鍙负 null 鐨?瀛楁 "_resultesPageInt" 蹇呴』鍖呭惈闈?null 鍊笺€傝鑰冭檻娣诲姞 "required" 淇グ绗︽垨灏嗚 瀛楁 澹版槑涓哄彲涓?null銆?[D:\Halcon鏌ヨ\Halcon鏌ヨ\Halcon鏌ヨ.csproj]
D:\Halcon鏌ヨ\Halcon鏌ヨ\PdfViewControl.xaml.cs(492,25): warning CS8602: 瑙ｅ紩鐢ㄥ彲鑳藉嚭鐜扮┖寮曠敤銆?[D:\Halcon鏌ヨ\Halcon鏌ヨ\Halcon鏌ヨ.csproj]
D:\Halcon鏌ヨ\Halcon鏌ヨ\PdfViewControl.xaml.cs(649,31): warning CS8625: 鏃犳硶灏?null 瀛楅潰閲忚浆鎹负闈?null 鐨勫紩鐢ㄧ被鍨嬨€?[D:\Halcon鏌ヨ\Halcon鏌ヨ\Halcon鏌ヨ.csproj]
D:\Halcon鏌ヨ\Halcon鏌ヨ\PdfViewControl.xaml.cs(117,38): warning CS0169: 浠庝笉浣跨敤瀛楁鈥淧dfViewControl._mousePosition鈥?[D:\Halcon鏌ヨ\Halcon鏌ヨ\Halcon鏌ヨ.csproj]
    65 涓鍛?
    0 涓敊璇?

宸茬敤鏃堕棿 00:00:01.93
